-78.28 -78.28 -66.44 -54.34 -78.28 -66.44 -54.34 -41.81 -30.00 -19.47 -9.59 0.00
-78.28 -66.44 -66.44 -54.34 -66.44 -54.34 -41.81 -30.00 -19.47 -9.59 0.00 9.59
-66.44 -66.44 -54.34 -54.34 -54.34 -41.81 -30.00 -19.47 -9.59 0.00 9.59 19.47
-54.34 -54.34 -54.34 -41.81 -41.81 -30.00 -19.47 -9.59 0.00 9.59 19.47 30.00
-78.28 -66.44 -54.34 -41.81 -30.00 -19.47 -9.59 0.00 9.59 19.47 30.00 41.81
-66.44 -54.34 -41.81 -30.00 -19.47 -9.59 0.00 9.59 19.47 30.00 41.81 54.34
-54.34 -41.81 -30.00 -19.47 -9.59 0.00 9.59 19.47 30.00 41.81 54.34 66.44
-41.81 -30.00 -19.47 -9.59 0.00 9.59 19.47 30.00 41.81 54.34 66.44 78.28
-30.00 -19.47 -9.59 0.00 9.59 19.47 30.00 41.81 41.81 54.34 54.34 54.34
-19.47 -9.59 0.00 9.59 19.47 30.00 41.81 54.34 54.34 54.34 66.44 66.44
-9.59 0.00 9.59 19.47 30.00 41.81 54.34 66.44 54.34 66.44 66.44 78.28
0.00 9.59 19.47 30.00 41.81 54.34 66.44 78.28 54.34 66.44 78.28 78.28
