7.07107e-01
4.56399e-17
0.00000e+00
7.45356e-01
7.07107e-01
7.45356e-01
0.00000e+00
0.00000e+00
0.00000e+00
6.66667e-01
1.00000e+00
6.66667e-01
