nan	12	4	0	nan	nan	nan	nan	nan	nan
28	20	13	5	nan	nan	nan	nan	nan	nan
36	29	21	14	6	1	nan	nan	nan	nan
44	37	30	22	15	7	nan	nan	nan	nan
nan	nan	38	31	23	16	8	2	nan	nan
nan	nan	45	39	32	24	17	9	nan	nan
nan	nan	nan	nan	40	33	25	18	10	3
nan	nan	nan	nan	46	41	34	26	19	11
nan	nan	nan	nan	nan	nan	42	35	27	nan
nan	nan	nan	nan	nan	nan	47	43	nan	nan
